=== SYSTEM HEALTH REPORT ===
Time: 2026-09-20 14:06:54
Hostname: SidyLaptop
Operating System: Windows
OS Release: 11
CPU Usage: 23.8% - NORMAL
Memory Usage: 75.6% - WARNING
Disk Usage: 47.3% - NORMAL
=== SYSTEM HEALTH REPORT ===
Time: 2026-09-20 14:08:58
Hostname: SidyLaptop
Operating System: Windows
OS Release: 11
CPU Usage: 27.7% - NORMAL
Memory Usage: 76.7% - WARNING
Disk Usage: 47.3% - NORMAL

=== SYSTEM HEALTH REPORT ===
Time: 2026-09-20 14:18:12
Hostname: SidyLaptop
Operating System: Windows
OS Release: 11
CPU Usage: 20.8% - NORMAL
Memory Usage: 74.3% - WARNING
Disk Usage: 47.3% - NORMAL
Overall System Status: WARNING

